Rule 110
|                   *|
|                  **|
|                 ***|
|                ** *|
|               *****|
|              **   *|
|             ***  **|
|            ** * ***|
|           ******* *|
|          **     ***|
|         ***    ** *|
|        ** *   *****|
|       *****  **   *|
|      **   * ***  **|
|     ***  **** * ***|
|    ** * **  ***** *|
|   ******** **   ***|
|  **      ****  ** *|
| ***     **  * *****|
| * *    *** ****   *|
| ***   ** ***  *  **|
| * *  ***** * ** ***|
| *** **   ******** *|
| * ****  **      ***|
| ***  * ***     ** *|
| * * **** *    *****|
| *****  ***   **   *|
| *   * ** *  ***  **|
| *  ******* ** * ***|
| * **     ******** *|
| ****    **      ***|
| *  *   ***     ** *|
| * **  ** *    *****|
| **** *****   **   *|
| *  ***   *  ***  **|
| * ** *  ** ** * ***|
| ****** ********** *|
| *    ***        ***|
| *   ** *       ** *|
| *  *****      *****|
| * **   *     **   *|
| ****  **    ***  **|
| *  * ***   ** * ***|
| * **** *  ******* *|
| ***  *** **     ***|
Done
